
Running 2 tests using 2 workers

[1A[2K[1/2] [chromium] ΓÇ║ tests\season.spec.js:19:5 ΓÇ║ Season Logic Tests ΓÇ║ planting validation respects seasons
[1A[2K[2/2] [chromium] ΓÇ║ tests\season.spec.js:82:5 ΓÇ║ Season Logic Tests ΓÇ║ multi-season crops survive season change
[1A[2K  1) [chromium] ΓÇ║ tests\season.spec.js:19:5 ΓÇ║ Season Logic Tests ΓÇ║ planting validation respects seasons 

    Error: page.evaluate: TypeError: Cannot set properties of undefined (setting '5')
        at eval (eval at evaluate (:290:30), <anonymous>:22:23)
        at UtilityScript.evaluate (<anonymous>:292:16)
        at UtilityScript.<anonymous> (<anonymous>:1:44)
        at eval (eval at evaluate (:290:30), <anonymous>:22:23)
        at UtilityScript.evaluate (<anonymous>:292:16)
        at UtilityScript.<anonymous> (<anonymous>:1:44)
        at C:\Users\njyti\Desktop\Google-Antigravity\2d-farming-game\tests\season.spec.js:22:35

    attachment #1: screenshot (image/png) ΓöÇΓöÇΓöÇΓöÇΓöÇΓöÇΓöÇΓöÇΓöÇΓöÇΓöÇΓöÇΓöÇΓöÇΓöÇΓöÇΓöÇΓöÇΓöÇΓöÇΓöÇΓöÇΓöÇΓöÇΓöÇΓöÇΓöÇΓöÇΓöÇΓöÇΓöÇΓöÇΓöÇΓöÇΓöÇΓöÇΓöÇΓöÇΓöÇΓöÇΓöÇΓöÇΓöÇΓöÇΓöÇΓöÇΓöÇΓöÇΓöÇΓöÇΓöÇΓöÇΓöÇΓöÇΓöÇΓöÇΓöÇΓöÇ
    test-results\season-Season-Logic-Tests--65585-validation-respects-seasons-chromium\test-failed-1.png
    ΓöÇΓöÇΓöÇΓöÇΓöÇΓöÇΓöÇΓöÇΓöÇΓöÇΓöÇΓöÇΓöÇΓöÇΓöÇΓöÇΓöÇΓöÇΓöÇΓöÇΓöÇΓöÇΓöÇΓöÇΓöÇΓöÇΓöÇΓöÇΓöÇΓöÇΓöÇΓöÇΓöÇΓöÇΓöÇΓöÇΓöÇΓöÇΓöÇΓöÇΓöÇΓöÇΓöÇΓöÇΓöÇΓöÇΓöÇΓöÇΓöÇΓöÇΓöÇΓöÇΓöÇΓöÇΓöÇΓöÇΓöÇΓöÇΓöÇΓöÇΓöÇΓöÇΓöÇΓöÇΓöÇΓöÇΓöÇΓöÇΓöÇΓöÇΓöÇΓöÇΓöÇΓöÇΓöÇΓöÇΓöÇΓöÇΓöÇΓöÇΓöÇΓöÇΓöÇΓöÇΓöÇΓöÇΓöÇΓöÇΓöÇΓöÇΓöÇΓöÇΓöÇΓöÇΓöÇΓöÇ

    Error Context: test-results\season-Season-Logic-Tests--65585-validation-respects-seasons-chromium\error-context.md


[1A[2K  2) [chromium] ΓÇ║ tests\season.spec.js:82:5 ΓÇ║ Season Logic Tests ΓÇ║ multi-season crops survive season change 

    Error: page.evaluate: TypeError: Cannot set properties of undefined (setting '10')
        at setTile (http://localhost:3000/src/systems/MapGenerator.js:121:19)
        at Game.handleSeasonChange (http://localhost:3000/src/game/Game.js:607:17)
        at Game.sleep (http://localhost:3000/src/game/Game.js:577:18)
        at eval (eval at evaluate (:290:30), <anonymous>:24:12)
        at UtilityScript.evaluate (<anonymous>:292:16)
        at UtilityScript.<anonymous> (<anonymous>:1:44)
        at setTile (http://localhost:3000/src/systems/MapGenerator.js:121:19)
        at Game.handleSeasonChange (http://localhost:3000/src/game/Game.js:607:17)
        at Game.sleep (http://localhost:3000/src/game/Game.js:577:18)
        at eval (eval at evaluate (:290:30), <anonymous>:24:12)
        at UtilityScript.evaluate (<anonymous>:292:16)
        at UtilityScript.<anonymous> (<anonymous>:1:44)
        at C:\Users\njyti\Desktop\Google-Antigravity\2d-farming-game\tests\season.spec.js:83:35

    attachment #1: screenshot (image/png) ΓöÇΓöÇΓöÇΓöÇΓöÇΓöÇΓöÇΓöÇΓöÇΓöÇΓöÇΓöÇΓöÇΓöÇΓöÇΓöÇΓöÇΓöÇΓöÇΓöÇΓöÇΓöÇΓöÇΓöÇΓöÇΓöÇΓöÇΓöÇΓöÇΓöÇΓöÇΓöÇΓöÇΓöÇΓöÇΓöÇΓöÇΓöÇΓöÇΓöÇΓöÇΓöÇΓöÇΓöÇΓöÇΓöÇΓöÇΓöÇΓöÇΓöÇΓöÇΓöÇΓöÇΓöÇΓöÇΓöÇΓöÇΓöÇ
    test-results\season-Season-Logic-Tests--e0b70-crops-survive-season-change-chromium\test-failed-1.png
    ΓöÇΓöÇΓöÇΓöÇΓöÇΓöÇΓöÇΓöÇΓöÇΓöÇΓöÇΓöÇΓöÇΓöÇΓöÇΓöÇΓöÇΓöÇΓöÇΓöÇΓöÇΓöÇΓöÇΓöÇΓöÇΓöÇΓöÇΓöÇΓöÇΓöÇΓöÇΓöÇΓöÇΓöÇΓöÇΓöÇΓöÇΓöÇΓöÇΓöÇΓöÇΓöÇΓöÇΓöÇΓöÇΓöÇΓöÇΓöÇΓöÇΓöÇΓöÇΓöÇΓöÇΓöÇΓöÇΓöÇΓöÇΓöÇΓöÇΓöÇΓöÇΓöÇΓöÇΓöÇΓöÇΓöÇΓöÇΓöÇΓöÇΓöÇΓöÇΓöÇΓöÇΓöÇΓöÇΓöÇΓöÇΓöÇΓöÇΓöÇΓöÇΓöÇΓöÇΓöÇΓöÇΓöÇΓöÇΓöÇΓöÇΓöÇΓöÇΓöÇΓöÇΓöÇΓöÇΓöÇ

    Error Context: test-results\season-Season-Logic-Tests--e0b70-crops-survive-season-change-chromium\error-context.md


[1A[2K  2 failed
    [chromium] ΓÇ║ tests\season.spec.js:19:5 ΓÇ║ Season Logic Tests ΓÇ║ planting validation respects seasons 
    [chromium] ΓÇ║ tests\season.spec.js:82:5 ΓÇ║ Season Logic Tests ΓÇ║ multi-season crops survive season change 

[36m  Serving HTML report at http://localhost:55180. Press Ctrl+C to quit.[39m
